# This file will store login attempts (future use)
# Day 1: leave empty


Login failed for user: dale at [2026-07-15_19-46-27]
User added: dale at [2026-07-15_19-49-04]
Login successful for user: dale at [2026-07-15_19-49-12]
Login successful for user: dale at [2026-07-15_19-49-15]
User added: dale at [2026-07-15_19-49-43]
Login failed for user: dal at [2026-07-15_19-49-50]
Login failed for user: dale at [2026-07-15_19-56-04]
Login failed for user: da at [2026-07-15_19-56-16]
User added: dale at [2026-07-15_20-06-23]
Login successful for user: dale at [2026-07-15_20-06-37]
Login successful for user: dale at [2026-07-15_20-06-39]
User added: dale1 at [2026-07-15_20-07-05]
Login successful for user: dale1 at [2026-07-15_20-07-11]
Login failed for user: dale1 at [2026-07-15_20-09-40]
Login failed for user: dale1 at [2026-07-15_20-09-44]
User added: dale at [2026-07-15_20-09-52]
Login successful for user: dale at [2026-07-15_20-09-55]
Login successful for user: dale at [2026-07-15_20-09-58]
Login successful for user: dale at [2026-07-15_20-11-29]
Login failed for user: d at [2026-07-15_20-14-35]
Login failed for user: d at [2026-07-15_20-16-32]
Login failed for user: d at [2026-07-15_20-16-35]
Login failed for user: d at [2026-07-15_20-16-37]
Login failed for user: d at [2026-07-15_20-16-39]
Login failed for user: d at [2026-07-15_20-16-41]
Login failed for user: dale at [2026-07-16_10-15-12]
User added: dale at [2026-07-16_10-15-21]
Login failed for user: da at [2026-07-16_10-16-05]
Login successful for user: dale at [2026-07-16_10-16-09]
Login failed for user: dale at [2026-07-16_10-18-27]
Login failed for user: dale. Remaining attempts before lockout: 4 at [2026-07-16_10-18-27]
Login failed for user: dale at [2026-07-16_10-18-31]
Login failed for user: dale. Remaining attempts before lockout: 3 at [2026-07-16_10-18-31]
Login failed for user: dale at [2026-07-16_10-18-32]
Login failed for user: dale. Remaining attempts before lockout: 2 at [2026-07-16_10-18-32]
Login failed for user: dale at [2026-07-16_10-18-35]
Login failed for user: dale. Remaining attempts before lockout: 1 at [2026-07-16_10-18-35]
Login failed for user: dale at [2026-07-16_10-18-36]
Login failed for user: dale. Account locked after 5 failed attempts. Remaining attempts before lockout: 0 at [2026-07-16_10-18-36]
User added: dale at [2026-07-16_14-25-41]
Login successful for user: dale at [2026-07-16_14-25-45]
User added: d at [2026-07-16_19-05-19]
Login successful for user: d at [2026-07-16_19-05-24]
User added: dale at [2026-07-16_19-12-44]
Login successful for user: dale at [2026-07-16_19-12-50]
Login failed for user: dale. Remaining attempts before lockout: 4 at [2026-07-16_19-12-50]
Login successful for user: dale at [2026-07-16_19-12-53]
User added: Tx3 at [2026-07-16_19-24-39]
Login successful for user: Tx3 at [2026-07-16_19-24-47]
User added: dale at [2026-07-16_19-33-57]
Login successful for user: dale at [2026-07-16_19-34-03]
Login failed for user: dale. Remaining attempts before lockout: 4 at [2026-07-16_19-34-04]
Login successful for user: dale at [2026-07-16_19-34-08]
User added: dale at [2026-07-16_19-37-06]
Login successful for user: dale at [2026-07-16_19-37-15]
Login failed for user: dale. Remaining attempts before lockout: 4 at [2026-07-16_19-37-16]
Login successful for user: dale at [2026-07-16_19-37-18]
Login failed for user: dale. Remaining attempts before lockout: 3 at [2026-07-16_19-37-18]
User added: dale1 at [2026-07-16_19-38-13]
Login successful for user: dale at [2026-07-16_19-38-19]
Login failed for user: dale. Remaining attempts before lockout: 2 at [2026-07-16_19-38-19]
Login successful for user: dale at [2026-07-16_19-38-21]
Login failed for user: dale. Remaining attempts before lockout: 1 at [2026-07-16_19-38-22]
Login successful for user: dale1 at [2026-07-16_19-38-28]
User added: dale at [2026-07-16_20-25-45]
Login successful for user: dale at [2026-07-16_20-25-57]
Login successful for user: dale at [2026-07-16_20-26-17]
User added: dale1 at [2026-07-16_20-29-28]
User added: dale123 at [2026-07-16_20-30-16]
User added: dale 1 at [2026-07-16_20-33-49]
Login successful for user: dale 1 at [2026-07-16_20-34-01]
User added: tungtung at [2026-07-16_20-34-26]
Login successful for user: tungtung at [2026-07-16_20-34-36]
User added: dale at [2026-07-16_20-46-07]
Login successful for user: dale at [2026-07-16_20-46-18]
Login successful for user: dale at [2026-07-16_20-46-39]
User added: dale1 at [2026-07-16_20-46-54]
Login successful for user: dale1 at [2026-07-16_20-47-09]
User added: dale | verification code: B71 at [2026-07-16_21-27-28]
Login successful for user: dale at [2026-07-16_21-27-51]
